// Jest Snapshot v1, https://goo.gl/fbAQLP

exports[`Main Component should render main component 1`] = `
<div
  className="App"
>
  <Header />
  <Footer />
</div>
`;
